CCS PCM C Compiler, Version 5.007, 61971               02-Ara-22 13:51

               Filename:   C:\Users\AHMETEMRETUNÇAY\Documents\Embedded Education\Proje\main.lst

               ROM used:   142 words (2%)
                           Largest free fragment is 2048
               RAM used:   17 (5%) at main() level
                           18 (5%) worst case
               Stack used: 0 locations
               Stack size: 8

*
0000:  MOVLW  00
0001:  MOVWF  0A
0002:  GOTO   019
0003:  NOP
.................... #include <main.h> 
.................... #include <16F877A.h> 
.................... //////// Standard Header file for the PIC16F877A device //////////////// 
.................... #device PIC16F877A 
....................  
.................... #list 
....................  
.................... #device ADC=16 
....................  
.................... #FUSES NOWDT                 	//No Watch Dog Timer 
.................... #FUSES NOBROWNOUT            	//No brownout reset 
.................... #FUSES NOLVP                 	//No low voltage prgming, B3(PIC16) or B5(PIC18) used for I/O 
....................  
.................... #use delay(crystal=20000000) 
....................  
....................  
.................... #fuses XT,NOWDT,NOPROTECT,NOBROWNOUT,NOLVP,NOPUT,NOWRT,NODEBUG,NOCPD 
.................... #use delay(clock=4000000) 
0004:  MOVLW  2C
0005:  MOVWF  04
0006:  BCF    03.7
0007:  MOVF   00,W
0008:  BTFSC  03.2
0009:  GOTO   018
000A:  MOVLW  01
000B:  MOVWF  78
000C:  CLRF   77
000D:  DECFSZ 77,F
000E:  GOTO   00D
000F:  DECFSZ 78,F
0010:  GOTO   00C
0011:  MOVLW  4A
0012:  MOVWF  77
0013:  DECFSZ 77,F
0014:  GOTO   013
0015:  GOTO   016
0016:  DECFSZ 00,F
0017:  GOTO   00A
0018:  RETURN
....................  
.................... void main() 
0019:  MOVLW  FF
001A:  MOVWF  20
001B:  BSF    03.5
001C:  BSF    1F.0
001D:  BSF    1F.1
001E:  BSF    1F.2
001F:  BCF    1F.3
0020:  MOVLW  07
0021:  MOVWF  1C
0022:  BCF    03.7
0023:  MOVLW  1F
0024:  ANDWF  03,F
*
0038:  CLRF   2A
.................... { 
....................    char dizi[]= {63,6,91,79,102,125,7,127,111}; 
*
0025:  MOVLW  3F
0026:  BCF    03.5
0027:  MOVWF  21
0028:  MOVLW  06
0029:  MOVWF  22
002A:  MOVLW  5B
002B:  MOVWF  23
002C:  MOVLW  4F
002D:  MOVWF  24
002E:  MOVLW  66
002F:  MOVWF  25
0030:  MOVLW  7D
0031:  MOVWF  26
0032:  MOVLW  07
0033:  MOVWF  27
0034:  MOVLW  7F
0035:  MOVWF  28
0036:  MOVLW  6F
0037:  MOVWF  29
....................    int x=0; 
....................    set_tris_b(0b00000111); 
*
0039:  MOVLW  07
003A:  BSF    03.5
003B:  MOVWF  06
....................    set_tris_c(0b00000000); 
003C:  MOVLW  00
003D:  MOVWF  07
003E:  BCF    03.5
003F:  MOVWF  20
....................    output_c(0b00000000); 
0040:  MOVWF  20
0041:  BSF    03.5
0042:  CLRF   07
0043:  BCF    03.5
0044:  CLRF   07
....................    output_c(dizi[0]); //Ekran 0 baþlasýn 
0045:  MOVWF  20
0046:  BSF    03.5
0047:  CLRF   07
0048:  BCF    03.5
0049:  MOVF   21,W
004A:  MOVWF  07
....................  
....................  
....................  
....................    for(;;) 
....................    { 
....................      if(input(pin_b0) == 1) // artýrma butonu 
004B:  BSF    03.5
004C:  BSF    06.0
004D:  BCF    03.5
004E:  BTFSS  06.0
004F:  GOTO   065
....................     { 
....................          x++; 
0050:  INCF   2A,F
....................          output_c(dizi[x]); 
0051:  MOVLW  21
0052:  ADDWF  2A,W
0053:  MOVWF  04
0054:  BCF    03.7
0055:  MOVF   00,W
0056:  MOVWF  2B
0057:  MOVLW  00
0058:  MOVWF  20
0059:  BSF    03.5
005A:  CLRF   07
005B:  BCF    03.5
005C:  MOVF   2B,W
005D:  MOVWF  07
....................          delay_ms(500); 
005E:  MOVLW  02
005F:  MOVWF  2B
0060:  MOVLW  FA
0061:  MOVWF  2C
0062:  CALL   004
0063:  DECFSZ 2B,F
0064:  GOTO   060
....................     } 
....................      if(input(pin_b1) == 1) // azaltma butonu 
0065:  BSF    03.5
0066:  BSF    06.1
0067:  BCF    03.5
0068:  BTFSS  06.1
0069:  GOTO   07F
....................     { 
....................          x--; 
006A:  DECF   2A,F
....................          output_c(dizi[x]); 
006B:  MOVLW  21
006C:  ADDWF  2A,W
006D:  MOVWF  04
006E:  BCF    03.7
006F:  MOVF   00,W
0070:  MOVWF  2B
0071:  MOVLW  00
0072:  MOVWF  20
0073:  BSF    03.5
0074:  CLRF   07
0075:  BCF    03.5
0076:  MOVF   2B,W
0077:  MOVWF  07
....................          delay_ms(500); 
0078:  MOVLW  02
0079:  MOVWF  2B
007A:  MOVLW  FA
007B:  MOVWF  2C
007C:  CALL   004
007D:  DECFSZ 2B,F
007E:  GOTO   07A
....................     } 
....................      if(input(pin_b2) == 1) // sýfýrla butonu 
007F:  BSF    03.5
0080:  BSF    06.2
0081:  BCF    03.5
0082:  BTFSS  06.2
0083:  GOTO   08C
....................     { 
....................          x=0; 
0084:  CLRF   2A
....................          output_c(dizi[0]); 
0085:  MOVLW  00
0086:  MOVWF  20
0087:  BSF    03.5
0088:  CLRF   07
0089:  BCF    03.5
008A:  MOVF   21,W
008B:  MOVWF  07
....................          
....................     } 
008C:  GOTO   04B
....................    } 
....................  
.................... } 
008D:  SLEEP

Configuration Fuses:
   Word  1: 3F39   XT NOWDT NOPUT NOBROWNOUT NOLVP NOCPD NOWRT NODEBUG NOPROTECT
